// Jest Snapshot v1, https://goo.gl/fbAQLP

exports[`Renders GiftYnvisto component and match to previous snapshot 1`] = `
<GiftYnvisto>
  <styled.div>
    <div
      className="sc-hKFyIo cnVgug"
    >
      <Referral
        buttonTitle="Clique para copiar seu convite"
        onClick={[Function]}
        svg={
          <ForwardRef(SvgGift)
            style={
              Object {
                "height": "50vh",
              }
            }
          />
        }
        texts={
          Array [
            "Você conhece algum investidor que está precisando de uma ajuda com a tributação dos seus investimentos?",
            "Se sim, dê de presente 1 mês grátis de Ynvisto! Caso ele não tenha experimentado a plataforma ainda, o seu convite vale uma oferta especial de 1 mês grátis.",
            "Você sabia que já salvou 12 pessoas do inferno tributário brasileiro?",
          ]
        }
        title="Ajude outros investidores dando a Ynvisto de presente!"
        underButtonText="Você tem direito à mais 1 convites com mês grátis"
      >
        <styled.div>
          <div
            className="sc-dlnjPT dNkSvg"
          >
            <WithStyles(ForwardRef(Typography))
              className="makeStyles-header-1"
            >
              <ForwardRef(Typography)
                className="makeStyles-header-1"
                classes={
                  Object {
                    "alignCenter": "MuiTypography-alignCenter",
                    "alignJustify": "MuiTypography-alignJustify",
                    "alignLeft": "MuiTypography-alignLeft",
                    "alignRight": "MuiTypography-alignRight",
                    "body1": "MuiTypography-body1",
                    "body2": "MuiTypography-body2",
                    "button": "MuiTypography-button",
                    "caption": "MuiTypography-caption",
                    "colorError": "MuiTypography-colorError",
                    "colorInherit": "MuiTypography-colorInherit",
                    "colorPrimary": "MuiTypography-colorPrimary",
                    "colorSecondary": "MuiTypography-colorSecondary",
                    "colorTextPrimary": "MuiTypography-colorTextPrimary",
                    "colorTextSecondary": "MuiTypography-colorTextSecondary",
                    "displayBlock": "MuiTypography-displayBlock",
                    "displayInline": "MuiTypography-displayInline",
                    "gutterBottom": "MuiTypography-gutterBottom",
                    "h1": "MuiTypography-h1",
                    "h2": "MuiTypography-h2",
                    "h3": "MuiTypography-h3",
                    "h4": "MuiTypography-h4",
                    "h5": "MuiTypography-h5",
                    "h6": "MuiTypography-h6",
                    "noWrap": "MuiTypography-noWrap",
                    "overline": "MuiTypography-overline",
                    "paragraph": "MuiTypography-paragraph",
                    "root": "MuiTypography-root",
                    "srOnly": "MuiTypography-srOnly",
                    "subtitle1": "MuiTypography-subtitle1",
                    "subtitle2": "MuiTypography-subtitle2",
                  }
                }
              >
                <p
                  className="MuiTypography-root makeStyles-header-1 MuiTypography-body1"
                >
                  Ajude outros investidores dando a Ynvisto de presente!
                </p>
              </ForwardRef(Typography)>
            </WithStyles(ForwardRef(Typography))>
            <div
              className="svgArea"
            >
              <ForwardRef(SvgGift)
                style={
                  Object {
                    "height": "50vh",
                  }
                }
              >
                <svg
                  style={
                    Object {
                      "height": "50vh",
                    }
                  }
                >
                  gift.svg
                </svg>
              </ForwardRef(SvgGift)>
            </div>
            <WithStyles(ForwardRef(Typography))
              className="makeStyles-text-2"
              key="Você conhece algum investidor que está precisando de uma ajuda com a tributação dos seus investimentos?"
            >
              <ForwardRef(Typography)
                className="makeStyles-text-2"
                classes={
                  Object {
                    "alignCenter": "MuiTypography-alignCenter",
                    "alignJustify": "MuiTypography-alignJustify",
                    "alignLeft": "MuiTypography-alignLeft",
                    "alignRight": "MuiTypography-alignRight",
                    "body1": "MuiTypography-body1",
                    "body2": "MuiTypography-body2",
                    "button": "MuiTypography-button",
                    "caption": "MuiTypography-caption",
                    "colorError": "MuiTypography-colorError",
                    "colorInherit": "MuiTypography-colorInherit",
                    "colorPrimary": "MuiTypography-colorPrimary",
                    "colorSecondary": "MuiTypography-colorSecondary",
                    "colorTextPrimary": "MuiTypography-colorTextPrimary",
                    "colorTextSecondary": "MuiTypography-colorTextSecondary",
                    "displayBlock": "MuiTypography-displayBlock",
                    "displayInline": "MuiTypography-displayInline",
                    "gutterBottom": "MuiTypography-gutterBottom",
                    "h1": "MuiTypography-h1",
                    "h2": "MuiTypography-h2",
                    "h3": "MuiTypography-h3",
                    "h4": "MuiTypography-h4",
                    "h5": "MuiTypography-h5",
                    "h6": "MuiTypography-h6",
                    "noWrap": "MuiTypography-noWrap",
                    "overline": "MuiTypography-overline",
                    "paragraph": "MuiTypography-paragraph",
                    "root": "MuiTypography-root",
                    "srOnly": "MuiTypography-srOnly",
                    "subtitle1": "MuiTypography-subtitle1",
                    "subtitle2": "MuiTypography-subtitle2",
                  }
                }
              >
                <p
                  className="MuiTypography-root makeStyles-text-2 MuiTypography-body1"
                >
                  Você conhece algum investidor que está precisando de uma ajuda com a tributação dos seus investimentos?
                </p>
              </ForwardRef(Typography)>
            </WithStyles(ForwardRef(Typography))>
            <WithStyles(ForwardRef(Typography))
              className="makeStyles-text-2"
              key="Se sim, dê de presente 1 mês grátis de Ynvisto! Caso ele não tenha experimentado a plataforma ainda, o seu convite vale uma oferta especial de 1 mês grátis."
            >
              <ForwardRef(Typography)
                className="makeStyles-text-2"
                classes={
                  Object {
                    "alignCenter": "MuiTypography-alignCenter",
                    "alignJustify": "MuiTypography-alignJustify",
                    "alignLeft": "MuiTypography-alignLeft",
                    "alignRight": "MuiTypography-alignRight",
                    "body1": "MuiTypography-body1",
                    "body2": "MuiTypography-body2",
                    "button": "MuiTypography-button",
                    "caption": "MuiTypography-caption",
                    "colorError": "MuiTypography-colorError",
                    "colorInherit": "MuiTypography-colorInherit",
                    "colorPrimary": "MuiTypography-colorPrimary",
                    "colorSecondary": "MuiTypography-colorSecondary",
                    "colorTextPrimary": "MuiTypography-colorTextPrimary",
                    "colorTextSecondary": "MuiTypography-colorTextSecondary",
                    "displayBlock": "MuiTypography-displayBlock",
                    "displayInline": "MuiTypography-displayInline",
                    "gutterBottom": "MuiTypography-gutterBottom",
                    "h1": "MuiTypography-h1",
                    "h2": "MuiTypography-h2",
                    "h3": "MuiTypography-h3",
                    "h4": "MuiTypography-h4",
                    "h5": "MuiTypography-h5",
                    "h6": "MuiTypography-h6",
                    "noWrap": "MuiTypography-noWrap",
                    "overline": "MuiTypography-overline",
                    "paragraph": "MuiTypography-paragraph",
                    "root": "MuiTypography-root",
                    "srOnly": "MuiTypography-srOnly",
                    "subtitle1": "MuiTypography-subtitle1",
                    "subtitle2": "MuiTypography-subtitle2",
                  }
                }
              >
                <p
                  className="MuiTypography-root makeStyles-text-2 MuiTypography-body1"
                >
                  Se sim, dê de presente 1 mês grátis de Ynvisto! Caso ele não tenha experimentado a plataforma ainda, o seu convite vale uma oferta especial de 1 mês grátis.
                </p>
              </ForwardRef(Typography)>
            </WithStyles(ForwardRef(Typography))>
            <WithStyles(ForwardRef(Typography))
              className="makeStyles-text-2"
              key="Você sabia que já salvou 12 pessoas do inferno tributário brasileiro?"
            >
              <ForwardRef(Typography)
                className="makeStyles-text-2"
                classes={
                  Object {
                    "alignCenter": "MuiTypography-alignCenter",
                    "alignJustify": "MuiTypography-alignJustify",
                    "alignLeft": "MuiTypography-alignLeft",
                    "alignRight": "MuiTypography-alignRight",
                    "body1": "MuiTypography-body1",
                    "body2": "MuiTypography-body2",
                    "button": "MuiTypography-button",
                    "caption": "MuiTypography-caption",
                    "colorError": "MuiTypography-colorError",
                    "colorInherit": "MuiTypography-colorInherit",
                    "colorPrimary": "MuiTypography-colorPrimary",
                    "colorSecondary": "MuiTypography-colorSecondary",
                    "colorTextPrimary": "MuiTypography-colorTextPrimary",
                    "colorTextSecondary": "MuiTypography-colorTextSecondary",
                    "displayBlock": "MuiTypography-displayBlock",
                    "displayInline": "MuiTypography-displayInline",
                    "gutterBottom": "MuiTypography-gutterBottom",
                    "h1": "MuiTypography-h1",
                    "h2": "MuiTypography-h2",
                    "h3": "MuiTypography-h3",
                    "h4": "MuiTypography-h4",
                    "h5": "MuiTypography-h5",
                    "h6": "MuiTypography-h6",
                    "noWrap": "MuiTypography-noWrap",
                    "overline": "MuiTypography-overline",
                    "paragraph": "MuiTypography-paragraph",
                    "root": "MuiTypography-root",
                    "srOnly": "MuiTypography-srOnly",
                    "subtitle1": "MuiTypography-subtitle1",
                    "subtitle2": "MuiTypography-subtitle2",
                  }
                }
              >
                <p
                  className="MuiTypography-root makeStyles-text-2 MuiTypography-body1"
                >
                  Você sabia que já salvou 12 pessoas do inferno tributário brasileiro?
                </p>
              </ForwardRef(Typography)>
            </WithStyles(ForwardRef(Typography))>
            <div
              className="buttonArea"
            >
              <YnvistoButton
                onClick={[Function]}
                title="Clique para copiar seu convite"
                underButtonText="Você tem direito à mais 1 convites com mês grátis"
              >
                <div
                  className="makeStyles-main-5"
                >
                  <WithStyles(ForwardRef(Button))
                    className="makeStyles-button-3 makeStyles-button-6"
                    onClick={[Function]}
                    variant="outlined"
                  >
                    <ForwardRef(Button)
                      className="makeStyles-button-3 makeStyles-button-6"
                      classes={
                        Object {
                          "colorInherit": "MuiButton-colorInherit",
                          "contained": "MuiButton-contained",
                          "containedPrimary": "MuiButton-containedPrimary",
                          "containedSecondary": "MuiButton-containedSecondary",
                          "containedSizeLarge": "MuiButton-containedSizeLarge",
                          "containedSizeSmall": "MuiButton-containedSizeSmall",
                          "disableElevation": "MuiButton-disableElevation",
                          "disabled": "Mui-disabled",
                          "endIcon": "MuiButton-endIcon",
                          "focusVisible": "Mui-focusVisible",
                          "fullWidth": "MuiButton-fullWidth",
                          "iconSizeLarge": "MuiButton-iconSizeLarge",
                          "iconSizeMedium": "MuiButton-iconSizeMedium",
                          "iconSizeSmall": "MuiButton-iconSizeSmall",
                          "label": "MuiButton-label",
                          "outlined": "MuiButton-outlined",
                          "outlinedPrimary": "MuiButton-outlinedPrimary",
                          "outlinedSecondary": "MuiButton-outlinedSecondary",
                          "outlinedSizeLarge": "MuiButton-outlinedSizeLarge",
                          "outlinedSizeSmall": "MuiButton-outlinedSizeSmall",
                          "root": "MuiButton-root",
                          "sizeLarge": "MuiButton-sizeLarge",
                          "sizeSmall": "MuiButton-sizeSmall",
                          "startIcon": "MuiButton-startIcon",
                          "text": "MuiButton-text",
                          "textPrimary": "MuiButton-textPrimary",
                          "textSecondary": "MuiButton-textSecondary",
                          "textSizeLarge": "MuiButton-textSizeLarge",
                          "textSizeSmall": "MuiButton-textSizeSmall",
                        }
                      }
                      onClick={[Function]}
                      variant="outlined"
                    >
                      <WithStyles(ForwardRef(ButtonBase))
                        className="MuiButton-root MuiButton-outlined makeStyles-button-3 makeStyles-button-6"
                        component="button"
                        disabled={false}
                        focusRipple={true}
                        focusVisibleClassName="Mui-focusVisible"
                        onClick={[Function]}
                        type="button"
                      >
                        <ForwardRef(ButtonBase)
                          className="MuiButton-root MuiButton-outlined makeStyles-button-3 makeStyles-button-6"
                          classes={
                            Object {
                              "disabled": "Mui-disabled",
                              "focusVisible": "Mui-focusVisible",
                              "root": "MuiButtonBase-root",
                            }
                          }
                          component="button"
                          disabled={false}
                          focusRipple={true}
                          focusVisibleClassName="Mui-focusVisible"
                          onClick={[Function]}
                          type="button"
                        >
                          <button
                            className="MuiButtonBase-root MuiButton-root MuiButton-outlined makeStyles-button-3 makeStyles-button-6"
                            disabled={false}
                            onBlur={[Function]}
                            onClick={[Function]}
                            onDragLeave={[Function]}
                            onFocus={[Function]}
                            onKeyDown={[Function]}
                            onKeyUp={[Function]}
                            onMouseDown={[Function]}
                            onMouseLeave={[Function]}
                            onMouseUp={[Function]}
                            onTouchEnd={[Function]}
                            onTouchMove={[Function]}
                            onTouchStart={[Function]}
                            tabIndex={0}
                            type="button"
                          >
                            <span
                              className="MuiButton-label"
                            >
                              Clique para copiar seu convite
                            </span>
                            <WithStyles(memo)
                              center={false}
                            >
                              <ForwardRef(TouchRipple)
                                center={false}
                                classes={
                                  Object {
                                    "child": "MuiTouchRipple-child",
                                    "childLeaving": "MuiTouchRipple-childLeaving",
                                    "childPulsate": "MuiTouchRipple-childPulsate",
                                    "ripple": "MuiTouchRipple-ripple",
                                    "ripplePulsate": "MuiTouchRipple-ripplePulsate",
                                    "rippleVisible": "MuiTouchRipple-rippleVisible",
                                    "root": "MuiTouchRipple-root",
                                  }
                                }
                              >
                                <span
                                  className="MuiTouchRipple-root"
                                >
                                  <TransitionGroup
                                    childFactory={[Function]}
                                    component={null}
                                    exit={true}
                                  />
                                </span>
                              </ForwardRef(TouchRipple)>
                            </WithStyles(memo)>
                          </button>
                        </ForwardRef(ButtonBase)>
                      </WithStyles(ForwardRef(ButtonBase))>
                    </ForwardRef(Button)>
                  </WithStyles(ForwardRef(Button))>
                  <h5
                    className="makeStyles-underText-4"
                  >
                    Você tem direito à mais 1 convites com mês grátis
                  </h5>
                </div>
              </YnvistoButton>
            </div>
          </div>
        </styled.div>
      </Referral>
    </div>
  </styled.div>
</GiftYnvisto>
`;
