// Jest Snapshot v1, https://goo.gl/fbAQLP

exports[`Renders Spinner component and match to previously snapshot 1`] = `
<styled.div>
  <styled.div />
</styled.div>
`;
